// Jest Snapshot v1, https://goo.gl/fbAQLP

exports[`<Column /> renders a custom background color 1`] = `
ShallowWrapper {
  "length": 1,
}
`;

exports[`<Column /> renders a custom border color 1`] = `
ShallowWrapper {
  "length": 1,
}
`;

exports[`<Column /> renders a custom border radius 1`] = `
ShallowWrapper {
  "length": 1,
}
`;

exports[`<Column /> renders a custom padding 1`] = `
ShallowWrapper {
  "length": 1,
}
`;

exports[`<Column /> renders defaults correctly 1`] = `
ShallowWrapper {
  "length": 1,
}
`;
