// Jest Snapshot v1, https://goo.gl/fbAQLP

exports[`<Button /> renders defaults correctly 1`] = `
<button
  className="bg-gray br0 pointer bn outline-o ph3 pv2 white"
  disabled={false}
  onClick={undefined}
  style={
    Object {
      "fontFamily": "inherit",
    }
  }
>
  Button
</button>
`;
