// Jest Snapshot v1, https://goo.gl/fbAQLP

exports[`<List /> should add space if the "indented" prop is present 1`] = `
ShallowWrapper {
  "length": 1,
}
`;

exports[`<List /> should remove the last bottom border if "contained" prop is present 1`] = `
ShallowWrapper {
  "length": 1,
}
`;

exports[`<List /> should render a custom line color 1`] = `
ShallowWrapper {
  "length": 1,
}
`;

exports[`<List /> should render a custom line width 1`] = `
ShallowWrapper {
  "length": 1,
}
`;

exports[`<List /> should render a default list 1`] = `
ShallowWrapper {
  "length": 1,
}
`;

exports[`<List /> should render a group of ListItems when passed children 1`] = `
ShallowWrapper {
  "length": 1,
}
`;

exports[`<List /> should render a lined <ListItem /> when prop is present 1`] = `
ShallowWrapper {
  "length": 1,
}
`;

exports[`<List /> should render an ordered list 1`] = `
ShallowWrapper {
  "length": 1,
}
`;

exports[`<List /> should render less padding with the Narrow prop 1`] = `
ShallowWrapper {
  "length": 1,
}
`;

exports[`<List /> should render more padding with the Wide prop 1`] = `
ShallowWrapper {
  "length": 1,
}
`;
