// Jest Snapshot v1, https://goo.gl/fbAQLP

exports[`<Image /> renders a Radius prop correctly 1`] = `
ShallowWrapper {
  "length": 1,
}
`;

exports[`<Image /> renders a Shadow prop 1`] = `
ShallowWrapper {
  "length": 1,
}
`;

exports[`<Image /> renders alt text when passed 1`] = `
ShallowWrapper {
  "length": 1,
}
`;

exports[`<Image /> renders an object of images correctly 1`] = `
ShallowWrapper {
  "length": 1,
}
`;

exports[`<Image /> renders defaults correctly 1`] = `
ShallowWrapper {
  "length": 1,
}
`;

exports[`<Image /> renders if the object is malformed 1`] = `
ShallowWrapper {
  "length": 1,
}
`;
