// Jest Snapshot v1, https://goo.gl/fbAQLP

exports[`<ListHeader /> Rendering can be have a custom line width of (1) 1`] = `
ShallowWrapper {
  "length": 1,
}
`;

exports[`<ListHeader /> Rendering can be have a custom line width of (2) 1`] = `
ShallowWrapper {
  "length": 1,
}
`;

exports[`<ListHeader /> Rendering can be have a custom line width of (3) 1`] = `
ShallowWrapper {
  "length": 1,
}
`;

exports[`<ListHeader /> Rendering can be have a custom line width of (4) 1`] = `
ShallowWrapper {
  "length": 1,
}
`;

exports[`<ListHeader /> Rendering can be have a custom line width of (5) 1`] = `
ShallowWrapper {
  "length": 1,
}
`;

exports[`<ListHeader /> Rendering can be indented for a contained list 1`] = `
ShallowWrapper {
  "length": 1,
}
`;

exports[`<ListHeader /> Rendering can render a different color line 1`] = `
ShallowWrapper {
  "length": 1,
}
`;

exports[`<ListHeader /> Rendering can render a line divider 1`] = `
ShallowWrapper {
  "length": 1,
}
`;

exports[`<ListHeader /> Rendering renders Default 1`] = `
ShallowWrapper {
  "length": 1,
}
`;

exports[`<ListHeader /> Rendering renders children 1`] = `
ShallowWrapper {
  "length": 1,
}
`;
